// Jest Snapshot v1, https://goo.gl/fbAQLP

exports[`commom/components/panel tests should render as expected when passing required properties 1`] = `
<div
  className="card"
>
  <Component
    title="test title"
  />
  <Component>
    <h1>
      Test children component
    </h1>
  </Component>
</div>
`;
